#
# There is insufficient memory for the Java Runtime Environment to continue.
# Native memory allocation (mmap) failed to map 268435456 bytes. Error detail: G1 virtual space
# Possible reasons:
#   The system is out of physical RAM or swap space
#   This process is running with CompressedOops enabled, and the Java Heap may be blocking the growth of the native heap
# Possible solutions:
#   Reduce memory load on the system
#   Increase physical memory or swap space
#   Check if swap backing store is full
#   Decrease Java heap size (-Xmx/-Xms)
#   Decrease number of Java threads
#   Decrease Java thread stack sizes (-Xss)
#   Set larger code cache with -XX:ReservedCodeCacheSize=
#   JVM is running with Zero Based Compressed Oops mode in which the Java heap is
#     placed in the first 32GB address space. The Java Heap base address is the
#     maximum limit for the native heap growth. Please use -XX:HeapBaseMinAddress
#     to set the Java Heap base and to place the Java Heap above 32GB virtual address.
# This output file may be truncated or incomplete.
#
#  Out of Memory Error (os_windows.cpp:3925), pid=14928, tid=16052
#
# JRE version:  (21.0.8) (build )
# Java VM: OpenJDK 64-Bit Server VM (21.0.8+-14196175-b1038.72, mixed mode, sharing, tiered, compressed oops, compressed class ptrs, g1 gc, windows-amd64)
# No core dump will be written. Minidumps are not enabled by default on client versions of Windows
#

---------------  S U M M A R Y ------------

Command Line: org.jetbrains.kotlin.cli.jvm.K2JVMCompiler @D:\projects\kivicare-patient\build\flutter_paystack\20260221_12170112885312089501.compiler.options

Host: Intel(R) Core(TM) i7-8565U CPU @ 1.80GHz, 8 cores, 15G,  Windows 11 , 64 bit Build 26100 (10.0.26100.7705)
Time: Sat Feb 21 15:36:35 2026 Egypt Standard Time elapsed time: 2.053575 seconds (0d 0h 0m 2s)

---------------  T H R E A D  ---------------

Current thread (0x00000147f7545520):  JavaThread "Unknown thread" [_thread_in_vm, id=16052, stack(0x00000040b7a00000,0x00000040b7b00000) (1024K)]

Stack: [0x00000040b7a00000,0x00000040b7b00000]
Native frames: (J=compiled Java code, j=interpreted, Vv=VM code, C=native code)
V  [jvm.dll+0x6d68d9]
V  [jvm.dll+0x866693]
V  [jvm.dll+0x868c4e]
V  [jvm.dll+0x869333]
V  [jvm.dll+0x280566]
V  [jvm.dll+0x6d3195]
V  [jvm.dll+0x6c69ea]
V  [jvm.dll+0x3586db]
V  [jvm.dll+0x360336]
V  [jvm.dll+0x3b23f6]
V  [jvm.dll+0x3b26c8]
V  [jvm.dll+0x32ae6c]
V  [jvm.dll+0x32bb5b]
V  [jvm.dll+0x82e109]
V  [jvm.dll+0x3bf5c8]
V  [jvm.dll+0x817388]
V  [jvm.dll+0x453b6e]
V  [jvm.dll+0x4552d1]
C  [jli.dll+0x52ab]
C  [ucrtbase.dll+0x37b0]
C  [KERNEL32.DLL+0x2e8d7]
C  [ntdll.dll+0x8c40c]


---------------  P R O C E S S  ---------------

Threads class SMR info:
_java_thread_list=0x00007ff8ca13b988, length=0, elements={
}

Java Threads: ( => current thread )
Total: 0

Other Threads:
  0x00000147f9985c40 WorkerThread "GC Thread#0"                     [id=24400, stack(0x00000040b7b00000,0x00000040b7c00000) (1024K)]
  0x00000147f9997780 ConcurrentGCThread "G1 Main Marker"            [id=21828, stack(0x00000040b7c00000,0x00000040b7d00000) (1024K)]
  0x00000147f9998190 WorkerThread "G1 Conc#0"                       [id=24928, stack(0x00000040b7d00000,0x00000040b7e00000) (1024K)]

[error occurred during error reporting (printing all threads), id 0xc0000005, EXCEPTION_ACCESS_VIOLATION (0xc0000005) at pc=0x00007ff8c992ddd7]
VM state: not at safepoint (not fully initialized)

VM Mutex/Monitor currently owned by a thread:  ([mutex/lock_event])
[0x00007ff8ca1a86b8] Heap_lock - owner thread: 0x00000147f7545520

Heap address: 0x0000000701e00000, size: 4066 MB, Compressed Oops mode: Zero based, Oop shift amount: 3

CDS archive(s) mapped at: [0x0000000000000000-0x0000000000000000-0x0000000000000000), size 0, SharedBaseAddress: 0x0000000800000000, ArchiveRelocationMode: 1.
Narrow klass base: 0x0000000000000000, Narrow klass shift: 0, Narrow klass range: 0x0

GC Precious Log:
 CardTable entry size: 512
 Card Set container configuration: InlinePtr #cards 4 size 8 Array Of Cards #cards 16 size 48 Howl #buckets 8 coarsen threshold 3686 Howl Bitmap #cards 512 size 80 coarsen threshold 460 Card regions per heap region 1 cards per card region 4096

Heap:
 garbage-first heap   total 0K, used 0K [0x0000000701e00000, 0x0000000800000000)
  region size 2048K, 0 young (0K), 0 survivors (0K)
 Metaspace       used 0K, committed 0K, reserved 0K
  class space    used 0K, committed 0K, reserved 0K

Heap Regions: E=young(eden), S=young(survivor), O=old, HS=humongous(starts), HC=humongous(continues), CS=collection set, F=free, TAMS=top-at-mark-start, PB=parsable bottom

Card table byte_map: [0x00000147fd5b0000,0x00000147fddb0000] _byte_map_base: 0x00000147f9da1000

Marking Bits: (CMBitMap*) 0x00000147f9986250
 Bits: [0x000001478f000000, 0x0000014792f88000)

GC Heap History (0 events):
No events

Dll operation events (1 events):
Event: 0.009 Loaded shared library C:\Program Files\Android\Android Studio\jbr\bin\java.dll

Deoptimization events (0 events):
No events

Classes loaded (0 events):
No events

Classes unloaded (0 events):
No events

Classes redefined (0 events):
No events

Internal exceptions (0 events):
No events

ZGC Phase Switch (0 events):
No events

VM Operations (0 events):
No events

Memory protections (0 events):
No events

Nmethod flushes (0 events):
No events

Events (0 events):
No events


Dynamic libraries:
0x00007ff7ff510000 - 0x00007ff7ff51a000 	C:\Program Files\Android\Android Studio\jbr\bin\java.exe
0x00007ff9669e0000 - 0x00007ff966c48000 	C:\WINDOWS\SYSTEM32\ntdll.dll
0x00007ff9660f0000 - 0x00007ff9661b9000 	C:\WINDOWS\System32\KERNEL32.DLL
0x00007ff964160000 - 0x00007ff964551000 	C:\WINDOWS\System32\KERNELBASE.dll
0x00007ff963f60000 - 0x00007ff9640ab000 	C:\WINDOWS\System32\ucrtbase.dll
0x00007ff95ae90000 - 0x00007ff95aea8000 	C:\Program Files\Android\Android Studio\jbr\bin\jli.dll
0x00007ff95aeb0000 - 0x00007ff95aecb000 	C:\Program Files\Android\Android Studio\jbr\bin\VCRUNTIME140.dll
0x00007ff966510000 - 0x00007ff9666d6000 	C:\WINDOWS\System32\USER32.dll
0x00007ff964690000 - 0x00007ff9646b7000 	C:\WINDOWS\System32\win32u.dll
0x00007ff9663a0000 - 0x00007ff9663cb000 	C:\WINDOWS\System32\GDI32.dll
0x00007ff964560000 - 0x00007ff96468b000 	C:\WINDOWS\System32\gdi32full.dll
0x00007ff94ac20000 - 0x00007ff94aeb3000 	C:\WINDOWS\WinSxS\amd64_microsoft.windows.common-controls_6595b64144ccf1df_6.0.26100.7824_none_3e0870b2e3345462\COMCTL32.dll
0x00007ff9640b0000 - 0x00007ff964153000 	C:\WINDOWS\System32\msvcp_win.dll
0x00007ff965020000 - 0x00007ff9650c9000 	C:\WINDOWS\System32\msvcrt.dll
0x00007ff9664d0000 - 0x00007ff966501000 	C:\WINDOWS\System32\IMM32.DLL
0x00007ff95e8c0000 - 0x00007ff95e8cc000 	C:\Program Files\Android\Android Studio\jbr\bin\vcruntime140_1.dll
0x00007ff94d280000 - 0x00007ff94d30d000 	C:\Program Files\Android\Android Studio\jbr\bin\msvcp140.dll
0x00007ff8c95f0000 - 0x00007ff8ca286000 	C:\Program Files\Android\Android Studio\jbr\bin\server\jvm.dll
0x00007ff965c00000 - 0x00007ff965cb4000 	C:\WINDOWS\System32\ADVAPI32.dll
0x00007ff9666e0000 - 0x00007ff966786000 	C:\WINDOWS\System32\sechost.dll
0x00007ff9659e0000 - 0x00007ff965af8000 	C:\WINDOWS\System32\RPCRT4.dll
0x00007ff966860000 - 0x00007ff9668d4000 	C:\WINDOWS\System32\WS2_32.dll
0x00007ff963120000 - 0x00007ff96317e000 	C:\WINDOWS\SYSTEM32\POWRPROF.dll
0x00007ff960590000 - 0x00007ff9605c5000 	C:\WINDOWS\SYSTEM32\WINMM.dll
0x00007ff95bbc0000 - 0x00007ff95bbcb000 	C:\WINDOWS\SYSTEM32\VERSION.dll
0x00007ff963100000 - 0x00007ff963114000 	C:\WINDOWS\SYSTEM32\UMPDC.dll
0x00007ff962060000 - 0x00007ff96207b000 	C:\WINDOWS\SYSTEM32\kernel.appcore.dll
0x00007ff95a930000 - 0x00007ff95a93a000 	C:\Program Files\Android\Android Studio\jbr\bin\jimage.dll
0x00007ff961430000 - 0x00007ff961672000 	C:\WINDOWS\SYSTEM32\DBGHELP.DLL
0x00007ff965cc0000 - 0x00007ff966046000 	C:\WINDOWS\System32\combase.dll
0x00007ff9647e0000 - 0x00007ff9648b7000 	C:\WINDOWS\System32\OLEAUT32.dll
0x00007ff960550000 - 0x00007ff96058b000 	C:\WINDOWS\SYSTEM32\dbgcore.DLL
0x00007ff963b30000 - 0x00007ff963bd5000 	C:\WINDOWS\System32\bcryptPrimitives.dll
0x00007ff95a8c0000 - 0x00007ff95a8e0000 	C:\Program Files\Android\Android Studio\jbr\bin\java.dll

JVMTI agents: none

dbghelp: loaded successfully - version: 4.0.5 - missing functions: none
symbol engine: initialized successfully - sym options: 0x614 - pdb path: .;C:\Program Files\Android\Android Studio\jbr\bin;C:\WINDOWS\SYSTEM32;C:\WINDOWS\WinSxS\amd64_microsoft.windows.common-controls_6595b64144ccf1df_6.0.26100.7824_none_3e0870b2e3345462;C:\Program Files\Android\Android Studio\jbr\bin\server

VM Arguments:
java_command: org.jetbrains.kotlin.cli.jvm.K2JVMCompiler @D:\projects\kivicare-patient\build\flutter_paystack\20260221_12170112885312089501.compiler.options
java_class_path (initial): C:\Users\mof49\.gradle\caches\modules-2\files-2.1\org.jetbrains.kotlin\kotlin-compiler-embeddable\2.1.0\988bf980588bbbcfa1ba19c1ffd7aa869b335a31\kotlin-compiler-embeddable-2.1.0.jar;C:\Users\mof49\.gradle\caches\modules-2\files-2.1\org.jetbrains.kotlin\kotlin-stdlib\2.1.0\85f8b81009cda5890e54ba67d64b5e599c645020\kotlin-stdlib-2.1.0.jar;C:\Users\mof49\.gradle\caches\modules-2\files-2.1\org.jetbrains.kotlin\kotlin-script-runtime\2.1.0\5909da8c57b75a117714ab0e348c86101b7a3284\kotlin-script-runtime-2.1.0.jar;C:\Users\mof49\.gradle\caches\modules-2\files-2.1\org.jetbrains.kotlin\kotlin-reflect\1.6.10\1cbe9c92c12a94eea200d23c2bbaedaf3daf5132\kotlin-reflect-1.6.10.jar;C:\Users\mof49\.gradle\caches\modules-2\files-2.1\org.jetbrains.kotlin\kotlin-daemon-embeddable\2.1.0\420bae1908e4a353f5b56c3c850d24d86367b25d\kotlin-daemon-embeddable-2.1.0.jar;C:\Users\mof49\.gradle\caches\modules-2\files-2.1\org.jetbrains.intellij.deps\trove4j\1.0.20200330\3afb14d5f9ceb459d724e907a21145e8ff394f02\trove4j-1.0.20200330.jar;C:\Users\mof49\.gradle\caches\modules-2\files-2.1\org.jetbrains.kotlinx\kotlinx-coroutines-core-jvm\1.6.4\2c997cd1c0ef33f3e751d3831929aeff1390cb30\kotlinx-coroutines-core-jvm-1.6.4.jar;C:\Users\mof49\.gradle\caches\modules-2\files-2.1\org.jetbrains\annotations\13.0\919f0dfe192fb4e063e7dacadee7f8bb9a2672a9\annotations-13.0.jar
Launcher Type: SUN_STANDARD

[Global flags]
     intx CICompilerCount                          = 4                                         {product} {ergonomic}
     uint ConcGCThreads                            = 2                                         {product} {ergonomic}
     uint G1ConcRefinementThreads                  = 8                                         {product} {ergonomic}
   size_t G1HeapRegionSize                         = 2097152                                   {product} {ergonomic}
    uintx GCDrainStackTargetSize                   = 64                                        {product} {ergonomic}
   size_t InitialHeapSize                          = 268435456                                 {product} {ergonomic}
   size_t MarkStackSize                            = 4194304                                   {product} {ergonomic}
   size_t MaxHeapSize                              = 4263510016                                {product} {ergonomic}
   size_t MinHeapDeltaBytes                        = 2097152                                   {product} {ergonomic}
   size_t MinHeapSize                              = 8388608                                   {product} {ergonomic}
    uintx NonNMethodCodeHeapSize                   = 5839372                                {pd product} {ergonomic}
    uintx NonProfiledCodeHeapSize                  = 122909434                              {pd product} {ergonomic}
    uintx ProfiledCodeHeapSize                     = 122909434                              {pd product} {ergonomic}
    uintx ReservedCodeCacheSize                    = 251658240                              {pd product} {ergonomic}
     bool SegmentedCodeCache                       = true                                      {product} {ergonomic}
   size_t SoftMaxHeapSize                          = 4263510016                             {manageable} {ergonomic}
     bool UseCompressedOops                        = true                           {product lp64_product} {ergonomic}
     bool UseG1GC                                  = true                                      {product} {ergonomic}
     bool UseLargePagesIndividualAllocation        = false                                  {pd product} {ergonomic}

Logging:
Log output configuration:
 #0: stdout all=warning uptime,level,tags foldmultilines=false
 #1: stderr all=off uptime,level,tags foldmultilines=false

Environment Variables:
JAVA_HOME=C:\Program Files\Android\Android Studio\jbr
CLASSPATH=D:\projects\kivicare-patient\android\\gradle\wrapper\gradle-wrapper.jar
PATH=C:\Program Files\Android\Android Studio\jbr\bin;C:\Windows\system32;C:\Windows;C:\Windows\System32\Wbem;C:\Windows\System32\WindowsPowerShell\v1.0\;C:\Windows\System32\OpenSSH\;C:\Program Files\Microsoft SQL Server\Client SDK\ODBC\170\Tools\Binn\;C:\Program Files (x86)\Microsoft SQL Server\160\Tools\Binn\;C:\Program Files\Microsoft SQL Server\160\Tools\Binn\;C:\Program Files\Microsoft SQL Server\160\DTS\Binn\;C:\Program Files\Git\cmd;C:\Program Files\Git\bin;C:\WINDOWS\system32;C:\WINDOWS;C:\WINDOWS\System32\Wbem;C:\WINDOWS\System32\WindowsPowerShell\v1.0\;C:\WINDOWS\System32\OpenSSH\;C:\Program Files (x86)\Microsoft SQL Server\170\Tools\Binn\;C:\Program Files\Microsoft SQL Server\170\Tools\Binn\;C:\Program Files\Microsoft SQL Server\Client SDK\ODBC\180\Tools\Binn\;C:\Program Files\Microsoft SQL Server\170\DTS\Binn\;C:\Program Files\dotnet\;C:\Users\mof49\AppData\Local\nvm;C:\nvm4w\nodejs;C:\Program Files\nodejs\;C:\Users\mof49\AppData\Local\Microsoft\WindowsApps;D:\flutter\bin;C:\Users\mof49\.dotnet\tools;C:\Users\mof49\AppData\Local\Programs\Microsoft VS Code\bin;C:\firebase;C:\Users\mof49\AppData\Local\Pub\Cache\bin;C:\Users\mof49\AppData\Local\nvm;C:\nvm4w\nodejs;C:\Users\mof49\AppData\Roaming\npm;C:\Users\mof49\AppData\Local\Programs\Antigravity\bin;;D:\flutter\bin\mingit\cmd;D:\flutter\bin\mingit\cmd
USERNAME=mof49
OS=Windows_NT
PROCESSOR_IDENTIFIER=Intel64 Family 6 Model 142 Stepping 12, GenuineIntel
TMP=C:\Users\mof49\AppData\Local\Temp
TEMP=C:\Users\mof49\AppData\Local\Temp




Periodic native trim disabled

JNI global refs:
JNI global refs: 0, weak refs: 0

JNI global refs memory usage: 0, weak refs: 0

Process memory usage:
Resident Set Size: 12984K (0% of 16647564K total physical memory with 1924232K free physical memory)

OOME stack traces (most recent first):
Classloader memory used:

---------------  S Y S T E M  ---------------

OS:
 Windows 11 , 64 bit Build 26100 (10.0.26100.7705)
OS uptime: 6 days 13:38 hours

CPU: total 8 (initial active 8) (4 cores per cpu, 2 threads per core) family 6 model 142 stepping 12 microcode 0xde, cx8, cmov, fxsr, ht, mmx, 3dnowpref, sse, sse2, sse3, ssse3, sse4.1, sse4.2, popcnt, lzcnt, tsc, tscinvbit, avx, avx2, aes, erms, clmul, bmi1, bmi2, adx, fma, vzeroupper, clflush, clflushopt, rdtscp, f16c
Processor Information for the first 8 processors :
  Max Mhz: 1992, Current Mhz: 1792, Mhz Limit: 1792

Memory: 4k page, system-wide physical 16257M (1879M free)
TotalPageFile size 31266M (AvailPageFile size 119M)
current process WorkingSet (physical memory assigned to process): 12M, peak: 12M
current process commit charge ("private bytes"): 60M, peak: 316M

vm_info: OpenJDK 64-Bit Server VM (21.0.8+-14196175-b1038.72) for windows-amd64 JRE (21.0.8+-14196175-b1038.72), built on 2025-10-01T10:24:33Z by "builder" with MS VC++ 16.10 / 16.11 (VS2019)

END.
